// Jest Snapshot v1, https://goo.gl/fbAQLP

exports[`MapScreen renders correctly 1`] = `
<View
  style={
    Object {
      "flex": 1,
      "flexDirection": "column",
    }
  }
>
  <MapView
    initialRegion={
      Object {
        "latitude": 39.97396,
        "latitudeDelta": 0.0111,
        "longitude": -75.13062,
        "longitudeDelta": 0.0111,
      }
    }
    style={
      Object {
        "flexBasis": "90%",
      }
    }
  />
  <ExponentLinearGradient
    colors={
      Array [
        4283484280,
        4278190219,
      ]
    }
    style={
      Object {
        "flexBasis": "10%",
      }
    }
  >
    <View
      accessible={true}
      isTVSelectable={true}
      onResponderGrant={[Function]}
      onResponderMove={[Function]}
      onResponderRelease={[Function]}
      onResponderTerminate={[Function]}
      onResponderTerminationRequest={[Function]}
      onStartShouldSetResponder={[Function]}
      style={
        Object {
          "alignItems": "center",
          "flex": 1,
          "justifyContent": "center",
        }
      }
    >
      <Text
        style={
          Object {
            "color": "white",
            "fontSize": 36,
          }
        }
      >
        Mark
      </Text>
    </View>
  </ExponentLinearGradient>
</View>
`;
